****                   ADMIXTURE Version 1.3.0                  ****
****                    Copyright 2008-2015                     ****
****           David Alexander, Suyash Shringarpure,            ****
****                John  Novembre, Ken Lange                   ****
****                                                            ****
****                 Please cite our paper!                     ****
****   Information at www.genetics.ucla.edu/software/admixture  ****

Cross-validation will be performed.  Folds=5.
Random seed: 43
Point estimation method: Block relaxation algorithm
Convergence acceleration algorithm: QuasiNewton, 3 secant conditions
Point estimation will terminate when objective function delta < 0.0001
Estimation of standard errors disabled; will compute point estimates only.
Size of G: 113x12946
Performing five EM steps to prime main algorithm
1 (EM) 	Elapsed: 0.11	Loglikelihood: -988115	(delta): 801623
2 (EM) 	Elapsed: 0.105	Loglikelihood: -945559	(delta): 42555.7
3 (EM) 	Elapsed: 0.103	Loglikelihood: -933089	(delta): 12470.2
4 (EM) 	Elapsed: 0.103	Loglikelihood: -925413	(delta): 7675.75
5 (EM) 	Elapsed: 0.105	Loglikelihood: -919516	(delta): 5896.77
Initial loglikelihood: -919516
Starting main algorithm
1 (QN/Block) 	Elapsed: 0.297	Loglikelihood: -829344	(delta): 90172.6
2 (QN/Block) 	Elapsed: 0.298	Loglikelihood: -805051	(delta): 24292.3
3 (QN/Block) 	Elapsed: 0.33	Loglikelihood: -797644	(delta): 7407.61
4 (QN/Block) 	Elapsed: 0.336	Loglikelihood: -787144	(delta): 10499.9
5 (QN/Block) 	Elapsed: 0.254	Loglikelihood: -780049	(delta): 7095.27
6 (QN/Block) 	Elapsed: 0.224	Loglikelihood: -777177	(delta): 2871.35
7 (QN/Block) 	Elapsed: 0.207	Loglikelihood: -776225	(delta): 952.571
8 (QN/Block) 	Elapsed: 0.224	Loglikelihood: -775963	(delta): 261.671
9 (QN/Block) 	Elapsed: 0.233	Loglikelihood: -775885	(delta): 77.6688
10 (QN/Block) 	Elapsed: 0.214	Loglikelihood: -775870	(delta): 15.2685
11 (QN/Block) 	Elapsed: 0.217	Loglikelihood: -775868	(delta): 1.71467
12 (QN/Block) 	Elapsed: 0.206	Loglikelihood: -775868	(delta): 0.272129
13 (QN/Block) 	Elapsed: 0.211	Loglikelihood: -775868	(delta): 0.0184003
14 (QN/Block) 	Elapsed: 0.212	Loglikelihood: -775868	(delta): 0.013196
15 (QN/Block) 	Elapsed: 0.211	Loglikelihood: -775868	(delta): 0.00306665
16 (QN/Block) 	Elapsed: 0.213	Loglikelihood: -775868	(delta): 0.000189505
17 (QN/Block) 	Elapsed: 0.216	Loglikelihood: -775868	(delta): 1.75285e-05
Summary: 
Converged in 17 iterations (4.969 sec)
Loglikelihood: -775868.033373
Fst divergences between estimated populations: 
	Pop0	Pop1	Pop2	
Pop0	
Pop1	0.148	
Pop2	0.213	0.185	
Pop3	0.207	0.227	0.077	
CV error (K=4): 0.45047
Writing output files.
