****                   ADMIXTURE Version 1.3.0                  ****
****                    Copyright 2008-2015                     ****
****           David Alexander, Suyash Shringarpure,            ****
****                John  Novembre, Ken Lange                   ****
****                                                            ****
****                 Please cite our paper!                     ****
****   Information at www.genetics.ucla.edu/software/admixture  ****

Cross-validation will be performed.  Folds=5.
Random seed: 43
Point estimation method: Block relaxation algorithm
Convergence acceleration algorithm: QuasiNewton, 3 secant conditions
Point estimation will terminate when objective function delta < 0.0001
Estimation of standard errors disabled; will compute point estimates only.
Size of G: 113x12946
Performing five EM steps to prime main algorithm
1 (EM) 	Elapsed: 0.055	Loglikelihood: -973876	(delta): 1.02705e+06
2 (EM) 	Elapsed: 0.053	Loglikelihood: -940390	(delta): 33485.5
3 (EM) 	Elapsed: 0.056	Loglikelihood: -932413	(delta): 7977.15
4 (EM) 	Elapsed: 0.052	Loglikelihood: -928889	(delta): 3523.57
5 (EM) 	Elapsed: 0.052	Loglikelihood: -927195	(delta): 1694.53
Initial loglikelihood: -927195
Starting main algorithm
1 (QN/Block) 	Elapsed: 0.143	Loglikelihood: -861895	(delta): 65299.4
2 (QN/Block) 	Elapsed: 0.156	Loglikelihood: -839076	(delta): 22818.8
3 (QN/Block) 	Elapsed: 0.186	Loglikelihood: -827583	(delta): 11493.2
4 (QN/Block) 	Elapsed: 0.179	Loglikelihood: -822085	(delta): 5497.85
5 (QN/Block) 	Elapsed: 0.18	Loglikelihood: -820652	(delta): 1433.06
6 (QN/Block) 	Elapsed: 0.193	Loglikelihood: -820257	(delta): 395.813
7 (QN/Block) 	Elapsed: 0.222	Loglikelihood: -820184	(delta): 72.5279
8 (QN/Block) 	Elapsed: 0.21	Loglikelihood: -820181	(delta): 2.54231
9 (QN/Block) 	Elapsed: 0.162	Loglikelihood: -820181	(delta): 0.337999
10 (QN/Block) 	Elapsed: 0.156	Loglikelihood: -820181	(delta): 0.00140771
11 (QN/Block) 	Elapsed: 0.114	Loglikelihood: -820181	(delta): 5.75661e-05
Summary: 
Converged in 11 iterations (2.427 sec)
Loglikelihood: -820181.095899
Fst divergences between estimated populations: 
	Pop0	
Pop0	
Pop1	0.205	
CV error (K=2): 0.43361
Writing output files.
