****                   ADMIXTURE Version 1.3.0                  ****
****                    Copyright 2008-2015                     ****
****           David Alexander, Suyash Shringarpure,            ****
****                John  Novembre, Ken Lange                   ****
****                                                            ****
****                 Please cite our paper!                     ****
****   Information at www.genetics.ucla.edu/software/admixture  ****

Cross-validation will be performed.  Folds=5.
Random seed: 43
Point estimation method: Block relaxation algorithm
Convergence acceleration algorithm: QuasiNewton, 3 secant conditions
Point estimation will terminate when objective function delta < 0.0001
Estimation of standard errors disabled; will compute point estimates only.
Size of G: 113x12946
Performing five EM steps to prime main algorithm
1 (EM) 	Elapsed: 0.091	Loglikelihood: -988618	(delta): 761162
2 (EM) 	Elapsed: 0.092	Loglikelihood: -945407	(delta): 43211.4
3 (EM) 	Elapsed: 0.092	Loglikelihood: -932922	(delta): 12485.5
4 (EM) 	Elapsed: 0.093	Loglikelihood: -924717	(delta): 8204.35
5 (EM) 	Elapsed: 0.091	Loglikelihood: -917991	(delta): 6726.34
Initial loglikelihood: -917991
Starting main algorithm
1 (QN/Block) 	Elapsed: 0.239	Loglikelihood: -815943	(delta): 102048
2 (QN/Block) 	Elapsed: 0.244	Loglikelihood: -787331	(delta): 28611.5
3 (QN/Block) 	Elapsed: 0.279	Loglikelihood: -776686	(delta): 10645.2
4 (QN/Block) 	Elapsed: 0.286	Loglikelihood: -771165	(delta): 5520.95
5 (QN/Block) 	Elapsed: 0.278	Loglikelihood: -768469	(delta): 2696.41
6 (QN/Block) 	Elapsed: 0.275	Loglikelihood: -767245	(delta): 1223.89
7 (QN/Block) 	Elapsed: 0.284	Loglikelihood: -766365	(delta): 879.856
8 (QN/Block) 	Elapsed: 0.278	Loglikelihood: -765824	(delta): 541.295
9 (QN/Block) 	Elapsed: 0.261	Loglikelihood: -765631	(delta): 192.724
10 (QN/Block) 	Elapsed: 0.287	Loglikelihood: -765585	(delta): 45.3957
11 (QN/Block) 	Elapsed: 0.272	Loglikelihood: -765562	(delta): 23.399
12 (QN/Block) 	Elapsed: 0.262	Loglikelihood: -765545	(delta): 17.438
13 (QN/Block) 	Elapsed: 0.272	Loglikelihood: -765522	(delta): 22.5288
14 (QN/Block) 	Elapsed: 0.256	Loglikelihood: -765510	(delta): 11.6849
15 (QN/Block) 	Elapsed: 0.287	Loglikelihood: -765505	(delta): 5.46184
16 (QN/Block) 	Elapsed: 0.287	Loglikelihood: -765503	(delta): 2.30802
17 (QN/Block) 	Elapsed: 0.282	Loglikelihood: -765500	(delta): 2.28714
18 (QN/Block) 	Elapsed: 0.26	Loglikelihood: -765499	(delta): 1.66093
19 (QN/Block) 	Elapsed: 0.254	Loglikelihood: -765498	(delta): 0.289498
20 (QN/Block) 	Elapsed: 0.265	Loglikelihood: -765498	(delta): 0.0908085
21 (QN/Block) 	Elapsed: 0.265	Loglikelihood: -765498	(delta): 0.0221893
22 (QN/Block) 	Elapsed: 0.257	Loglikelihood: -765498	(delta): 0.0038348
23 (QN/Block) 	Elapsed: 0.265	Loglikelihood: -765498	(delta): 0.000758685
24 (QN/Block) 	Elapsed: 0.255	Loglikelihood: -765498	(delta): 0.000213116
25 (QN/Block) 	Elapsed: 0.256	Loglikelihood: -765498	(delta): 3.92027e-05
Summary: 
Converged in 25 iterations (7.568 sec)
Loglikelihood: -765498.219259
Fst divergences between estimated populations: 
	Pop0	Pop1	Pop2	Pop3	
Pop0	
Pop1	0.084	
Pop2	0.214	0.216	
Pop3	0.099	0.063	0.215	
Pop4	0.185	0.236	0.148	0.232	
CV error (K=5): 0.47139
Writing output files.
