****                   ADMIXTURE Version 1.3.0                  ****
****                    Copyright 2008-2015                     ****
****           David Alexander, Suyash Shringarpure,            ****
****                John  Novembre, Ken Lange                   ****
****                                                            ****
****                 Please cite our paper!                     ****
****   Information at www.genetics.ucla.edu/software/admixture  ****

Cross-validation will be performed.  Folds=5.
Random seed: 43
Point estimation method: Block relaxation algorithm
Convergence acceleration algorithm: QuasiNewton, 3 secant conditions
Point estimation will terminate when objective function delta < 0.0001
Estimation of standard errors disabled; will compute point estimates only.
Size of G: 113x12946
Performing five EM steps to prime main algorithm
1 (EM) 	Elapsed: 0.082	Loglikelihood: -983679	(delta): 878847
2 (EM) 	Elapsed: 0.088	Loglikelihood: -942990	(delta): 40689.8
3 (EM) 	Elapsed: 0.079	Loglikelihood: -931163	(delta): 11826.3
4 (EM) 	Elapsed: 0.084	Loglikelihood: -923960	(delta): 7203.44
5 (EM) 	Elapsed: 0.086	Loglikelihood: -918466	(delta): 5494.26
Initial loglikelihood: -918466
Starting main algorithm
1 (QN/Block) 	Elapsed: 0.213	Loglikelihood: -837902	(delta): 80563.4
2 (QN/Block) 	Elapsed: 0.216	Loglikelihood: -813421	(delta): 24481.4
3 (QN/Block) 	Elapsed: 0.247	Loglikelihood: -803621	(delta): 9799.54
4 (QN/Block) 	Elapsed: 0.255	Loglikelihood: -798483	(delta): 5138.14
5 (QN/Block) 	Elapsed: 0.245	Loglikelihood: -796908	(delta): 1575.13
6 (QN/Block) 	Elapsed: 0.203	Loglikelihood: -796630	(delta): 277.65
7 (QN/Block) 	Elapsed: 0.177	Loglikelihood: -796581	(delta): 48.8723
8 (QN/Block) 	Elapsed: 0.159	Loglikelihood: -796570	(delta): 11.5523
9 (QN/Block) 	Elapsed: 0.172	Loglikelihood: -796565	(delta): 5.17329
10 (QN/Block) 	Elapsed: 0.191	Loglikelihood: -796564	(delta): 1.02041
11 (QN/Block) 	Elapsed: 0.181	Loglikelihood: -796564	(delta): 0.082141
12 (QN/Block) 	Elapsed: 0.17	Loglikelihood: -796564	(delta): 0.0028339
13 (QN/Block) 	Elapsed: 0.197	Loglikelihood: -796564	(delta): 0.000790923
14 (QN/Block) 	Elapsed: 0.168	Loglikelihood: -796564	(delta): 0.000231268
15 (QN/Block) 	Elapsed: 0.196	Loglikelihood: -796564	(delta): 3.91086e-06
Summary: 
Converged in 15 iterations (3.727 sec)
Loglikelihood: -796563.613391
Fst divergences between estimated populations: 
	Pop0	Pop1	
Pop0	
Pop1	0.078	
Pop2	0.183	0.217	
CV error (K=3): 0.43744
Writing output files.
